Curve {
p: 0x17
a: 0
b: 1
g: Point {
   x: 0x5
   y: 0x1
}
n: 0x7
h: 1
}
