Signature {
r: 0xe411e56210f20bf5172cbefab02135421b1eb58f6918d28c1b848be5eee42e4
s: 0x1483b649c61056898a0cf3ea527ecb54272cfccec4a6d179f7cfe269c73b783a
}
